AREA .  .ABS.
	RADIX HEX
	BASE 0000
	SIZE 0000
	ATTRIB ABS OVR
	GLOBALS
		l__HEAP	0000
		l__BSEG	0000
		l_.  .ABS.	0000
		l__GSFINAL	0000
		l__ISEG	0000
		s_.  .ABS.	0000
		s__HEADER	0000
		l__XSEG	0000
		.init	0000
		l__OVERLAY	0000
		l__LIT	0000
		s__SFR	0000
		l__GSINITTAIL	0001
		l__BSS	0087
		l__DATA	012B
		l__HEADER	01EB
		s__CODE	0200
		l__HOME	04AF
		l__GSINIT	0672
		l__CODE	1AA9
		s__HOME	1CA9
		l__BASE	1CC7
		s__BASE	2158
		s__LIT	3E1F
		s__GSINIT	3E1F
		s__GSINITTAIL	4491
		s__GSFINAL	4492
		.OAM	C000
		s__DATA	C0A0
		s__BSS	C1CB
		s__HEAP	C252
		s__BSEG	C252
		s__ISEG	C252
		s__XSEG	C252
		s__OVERLAY	C252
		.STACK	E000
		.refresh_OAM	FF80
		l__SFR	10000
AREA _CODE
	RADIX HEX
	BASE 0200
	SIZE 1AA9
	ATTRIB REL CON
	GLOBALS
		_movegamecharacter	0200
		_new_bg_gameboy_data	028B
		_new_bg_gameboy_map	0EDB
		_setupcat	1043
		_setupenemy	10D6
		_performantdelay	1169
		_checkcollisions	117D
		_main	12F7
		_putchar	1538
		_setchar	1541
		_gotoxy	154A
		_posx	1555
		_posy	1566
		.adv_gcurs	1577
		.circle	1594
		.horlin	1637
		.verlin	166F
		.circplot	16CB
		.box	1749
		.line	181F
		.xonly	1940
		.yonly	1A8F
		.plot	1AB0
		.wrbyte	1ACD
		.getpix	1B4F
		.wrtchr	1B84
		_gotogxy	1BE8
		_wrtchr	1BF3
		_getpix	1C08
		_color	1C14
		_circle	1C23
		_box	1C3D
		_line	1C61
		_plot_point	1C79
		_plot	1C8D
AREA _HEADER
	RADIX HEX
	BASE 0000
	SIZE 01EB
	ATTRIB ABS OVR
	GLOBALS
		_exit	01D2
AREA _HOME
	RADIX HEX
	BASE 1CA9
	SIZE 04AF
	ATTRIB REL CON
	GLOBALS
		.set_mode	1CA9
		.remove_VBL	1CB9
		.remove_LCD	1CBF
		.remove_TIM	1CC5
		.remove_SIO	1CCB
		.remove_JOY	1CD1
		.add_VBL	1CD7
		.add_LCD	1CDD
		.add_TIM	1CE3
		.add_SIO	1CE9
		.add_JOY	1CEF
		.remove_int	1CF5
		.add_int	1D15
		.wait_vbl_done	1D31
		_wait_vbl_done	1D31
		_display_off	1D48
		.display_off	1D48
		.serial_IO	1D69
		_mode	1D98
		_get_mode	1DA1
		_enable_interrupts	1DA6
		_disable_interrupts	1DA8
		_reset	1DAA
		.reset	1DAA
		_set_interrupts	1DB0
		_remove_VBL	1DBB
		_remove_LCD	1DC6
		_remove_TIM	1DD1
		_remove_SIO	1DDC
		_remove_JOY	1DE7
		_add_VBL	1DF2
		_add_LCD	1DFD
		_add_TIM	1E08
		_add_SIO	1E13
		_add_JOY	1E1E
		_clock	1E29
		__printTStates	1E32
		banked_call	1E33
		banked_ret	1E4C
		_printf	1E55
		_sprintf	1E84
AREA _BASE
	RADIX HEX
	BASE 2158
	SIZE 1CC7
	ATTRIB REL CON
	GLOBALS
		_move_win	2158
		.padup	2161
		_waitpadup	2161
		.jpad	2171
		.wait_pad	219E
		_joypad	21A5
		_waitpad	21AA
		.mv_sprite	21B4
		_move_sprite	21C3
		_font_spect	21D0
		_set_win_tiles	2552
		_set_win_data	2566
		_set_bkg_data	2566
		_set_sprite_data	25B3
		_font_load_ibm_fixed	25E2
		_font_ibm_fixed	25E9
		_font_ibm_fixed_tiles	26EB
		_font_italic	2EEB
		_font_ibm	3255
		.set_sprite_tile	35D7
		_set_sprite_tile	35E4
		font_copy_uncompressed	35EF
		font_copy_compressed	3625
		font_load	367A
		font_copy_current	36C2
		font_set	370A
		.put_char	3717
		.out_char	3730
		.del_char	3737
		_font_load	3792
		_font_set	37A0
		_font_init	37AF
		_cls	37D1
		.cls	37D1
		.cr_curs	3803
		.adv_curs	3818
		.tmode	3874
		.tmode_out	389D
		_font_min	38AD
		__modslong	3A57
		__divslong	3A57
		__mulslong	3A57
		__divschar	3A58
		__modschar	3A64
		__divsint	3A6F
		__modsint	3A80
		__divuchar	3A8F
		__moduchar	3A9B
		__divuint	3AA6
		__moduint	3AB7
		.mod8	3AC6
		.div8	3AC6
		.mod16	3ACE
		.div16	3ACE
		.modu8	3B04
		.divu8	3B04
		.modu16	3B07
		.divu16	3B07
		.copy_vram	3B44
		_get_data	3B53
		_set_data	3B53
		_set_bkg_tiles	3B66
		.set_xy_wtt	3B7A
		.set_xy_btt	3B8B
		.set_xy_tt	3B9A
		_set_tiles	3BCB
		.gmode	3BE4
		.vbl	3C46
		.lcd	3C51
		.draw_image	3C5E
		.switch_data	3C68
		_switch_data	3C9F
		_draw_image	3CBA
		.y_table	3CCD
		.init_vram	3DED
		.init_wtt	3DFB
		.init_btt	3E0B
		.init_tt	3E19
AREA _LIT
	RADIX HEX
	BASE 3E1F
	SIZE 0000
	ATTRIB REL CON
AREA _GSINIT
	RADIX HEX
	BASE 3E1F
	SIZE 0672
	ATTRIB REL CON
	GLOBALS
		gsinit	3E1F
AREA _GSINITTAIL
	RADIX HEX
	BASE 4491
	SIZE 0001
	ATTRIB REL CON
AREA _GSFINAL
	RADIX HEX
	BASE 4492
	SIZE 0000
	ATTRIB REL CON
AREA _DATA
	RADIX HEX
	BASE C0A0
	SIZE 012B
	ATTRIB REL CON
	GLOBALS
		_windowmap	C0A0
		_characters	C0B0
		_playerlocation	C1B0
		_jumping	C1B4
		_gravity	C1B5
		_currentspeedY	C1B6
		_floorYposition	C1B8
		_cat	C1BA
		_enemy	C1C2
		_spritesize	C1CA
AREA _BSS
	RADIX HEX
	BASE C1CB
	SIZE 0087
	ATTRIB REL CON
	GLOBALS
		__cpu	C1CB
		.mode	C1CC
		__io_out	C1CD
		__io_in	C1CE
		__io_status	C1CF
		.vbl_done	C1D0
		__current_bank	C1D1
		_sys_time	C1D2
		.sys_time	C1D2
		.int_0x40	C1D4
		.int_0x48	C1E4
		.int_0x50	C1F4
		.int_0x58	C204
		.int_0x60	C214
		font_current	C224
		font_first_free_tile	C227
		font_table	C228
		.curx	C23A
		.cury	C23B
		.fg_colour	C23F
		.bg_colour	C240
AREA _HEAP
	RADIX HEX
	BASE C252
	SIZE 0000
	ATTRIB REL CON
	GLOBALS
		_malloc_heap_start	C252
AREA _OVERLAY
	RADIX HEX
	BASE C252
	SIZE 0000
	ATTRIB REL CON
AREA _ISEG
	RADIX HEX
	BASE C252
	SIZE 0000
	ATTRIB REL CON
AREA _BSEG
	RADIX HEX
	BASE C252
	SIZE 0000
	ATTRIB REL CON
AREA _XSEG
	RADIX HEX
	BASE C252
	SIZE 0000
	ATTRIB REL CON
AREA _SFR
	RADIX HEX
	BASE 0000
	SIZE 10000
	ATTRIB ABS OVR
	GLOBALS
		_P1_REG	FF00
		_SB_REG	FF01
		_SC_REG	FF02
		_DIV_REG	FF04
		_TIMA_REG	FF05
		_TMA_REG	FF06
		_TAC_REG	FF07
		_IF_REG	FF0F
		_NR10_REG	FF10
		_NR11_REG	FF11
		_NR12_REG	FF12
		_NR13_REG	FF13
		_NR14_REG	FF14
		_NR21_REG	FF16
		_NR22_REG	FF17
		_NR23_REG	FF18
		_NR24_REG	FF19
		_NR30_REG	FF1A
		_NR31_REG	FF1B
		_NR32_REG	FF1C
		_NR33_REG	FF1D
		_NR34_REG	FF1E
		_NR41_REG	FF20
		_NR42_REG	FF21
		_NR43_REG	FF22
		_NR44_REG	FF23
		_NR50_REG	FF24
		_NR51_REG	FF25
		_NR52_REG	FF26
		_LCDC_REG	FF40
		_STAT_REG	FF41
		_SCY_REG	FF42
		_SCX_REG	FF43
		_LY_REG	FF44
		_LYC_REG	FF45
		_DMA_REG	FF46
		_BGP_REG	FF47
		_OBP0_REG	FF48
		_OBP1_REG	FF49
		_WY_REG	FF4A
		_WX_REG	FF4B
		_KEY1_REG	FF4D
		_VBK_REG	FF4F
		_HDMA1_REG	FF51
		_HDMA2_REG	FF52
		_HDMA3_REG	FF53
		_HDMA4_REG	FF54
		_HDMA5_REG	FF55
		_RP_REG	FF56
		_BCPS_REG	FF68
		_BCPD_REG	FF69
		_OCPS_REG	FF6A
		_OCPD_REG	FF6B
		_SVBK_REG	FF70
		_IE_REG	FFFF
MODULES
	FILE D:\devProj\GBDev\gbdk\lib/small/asxxxx/gb/crt0.o
		NAME Runtime
	FILE main.o
		NAME lcc93120
LIBRARIES
	LIBRARY D:\devProj\GBDev\gbdk\lib/small/asxxxx/gb/gb.lib
		MODULE sfr.o
	LIBRARY D:\devProj\GBDev\gbdk\lib/small/asxxxx/gb/gb.lib
		MODULE mv_win.o
	LIBRARY D:\devProj\GBDev\gbdk\lib/small/asxxxx/gb/gb.lib
		MODULE pad.o
	LIBRARY D:\devProj\GBDev\gbdk\lib/small/asxxxx/gb/gb.lib
		MODULE mv_spr.o
	LIBRARY D:\devProj\GBDev\gbdk\lib/small/asxxxx/gb/gb.lib
		MODULE f_spect.o
	LIBRARY D:\devProj\GBDev\gbdk\lib/small/asxxxx/gb/gb.lib
		MODULE set_wi_t.o
	LIBRARY D:\devProj\GBDev\gbdk\lib/small/asxxxx/gb/gb.lib
		MODULE set_data.o
	LIBRARY D:\devProj\GBDev\gbdk\lib/small/asxxxx/gb/gb.lib
		MODULE ibmfixed.o
	LIBRARY D:\devProj\GBDev\gbdk\lib/small/asxxxx/gb/gb.lib
		MODULE f_italic.o
	LIBRARY D:\devProj\GBDev\gbdk\lib/small/asxxxx/gb/gb.lib
		MODULE f_ibm_sh.o
	LIBRARY D:\devProj\GBDev\gbdk\lib/small/asxxxx/gb/gb.lib
		MODULE set_spr.o
	LIBRARY D:\devProj\GBDev\gbdk\lib/small/asxxxx/gbz80/gbz80.lib
		MODULE printf.o
	LIBRARY D:\devProj\GBDev\gbdk\lib/small/asxxxx/gb/gb.lib
		MODULE font.o
	LIBRARY D:\devProj\GBDev\gbdk\lib/small/asxxxx/gb/gb.lib
		MODULE f_min.o
	LIBRARY D:\devProj\GBDev\gbdk\lib/small/asxxxx/gbz80/gbz80.lib
		MODULE div.o
	LIBRARY D:\devProj\GBDev\gbdk\lib/small/asxxxx/gb/gb.lib
		MODULE cpy_data.o
	LIBRARY D:\devProj\GBDev\gbdk\lib/small/asxxxx/gb/gb.lib
		MODULE set_bk_t.o
	LIBRARY D:\devProj\GBDev\gbdk\lib/small/asxxxx/gb/gb.lib
		MODULE set_xy_t.o
	LIBRARY D:\devProj\GBDev\gbdk\lib/small/asxxxx/gb/gb.lib
		MODULE drawing.o
	LIBRARY D:\devProj\GBDev\gbdk\lib/small/asxxxx/gb/gb.lib
		MODULE init_tt.o
USERBASEDEF
	_CODE=0x0200
	_DATA=0xC0A0
	_CODE_1=0x4000
USERGLOBALDEF
	.OAM=0xC000
	.STACK=0xE000
	.refresh_OAM=0xFF80
	.init=0x0000
