AREA .  .ABS.
	RADIX HEX
	BASE 0000
	SIZE 0000
	ATTRIB ABS OVR
	GLOBALS
		l__HEAP	0000
		l__BSEG	0000
		l_.  .ABS.	0000
		l__GSFINAL	0000
		l__ISEG	0000
		s_.  .ABS.	0000
		s__HEADER	0000
		l__XSEG	0000
		.init	0000
		l__OVERLAY	0000
		l__LIT	0000
		s__SFR	0000
		l__GSINITTAIL	0001
		l__BSS	0087
		l__HEADER	01EB
		s__CODE	0200
		l__DATA	047B
		l__HOME	04AF
		l__CODE	0C8C
		s__HOME	0E8C
		s__BASE	133B
		l__GSINIT	1A52
		l__BASE	1C2C
		s__LIT	2F67
		s__GSINIT	2F67
		s__GSINITTAIL	49B9
		s__GSFINAL	49BA
		.OAM	C000
		s__DATA	C0A0
		s__BSS	C51B
		s__HEAP	C5A2
		s__BSEG	C5A2
		s__ISEG	C5A2
		s__XSEG	C5A2
		s__OVERLAY	C5A2
		.STACK	E000
		.refresh_OAM	FF80
		l__SFR	10000
AREA _CODE
	RADIX HEX
	BASE 0200
	SIZE 0C8C
	ATTRIB REL CON
	GLOBALS
		_movegamecharacter	0200
		_setupcat	028B
		_setupenemy	031E
		_performantdelay	03B1
		_checkcollisions	03C5
		_main	053F
		_putchar	071B
		_setchar	0724
		_gotoxy	072D
		_posx	0738
		_posy	0749
		.adv_gcurs	075A
		.circle	0777
		.horlin	081A
		.verlin	0852
		.circplot	08AE
		.box	092C
		.line	0A02
		.xonly	0B23
		.yonly	0C72
		.plot	0C93
		.wrbyte	0CB0
		.getpix	0D32
		.wrtchr	0D67
		_gotogxy	0DCB
		_wrtchr	0DD6
		_getpix	0DEB
		_color	0DF7
		_circle	0E06
		_box	0E20
		_line	0E44
		_plot_point	0E5C
		_plot	0E70
AREA _HEADER
	RADIX HEX
	BASE 0000
	SIZE 01EB
	ATTRIB ABS OVR
	GLOBALS
		_exit	01D2
AREA _HOME
	RADIX HEX
	BASE 0E8C
	SIZE 04AF
	ATTRIB REL CON
	GLOBALS
		.set_mode	0E8C
		.remove_VBL	0E9C
		.remove_LCD	0EA2
		.remove_TIM	0EA8
		.remove_SIO	0EAE
		.remove_JOY	0EB4
		.add_VBL	0EBA
		.add_LCD	0EC0
		.add_TIM	0EC6
		.add_SIO	0ECC
		.add_JOY	0ED2
		.remove_int	0ED8
		.add_int	0EF8
		.wait_vbl_done	0F14
		_wait_vbl_done	0F14
		_display_off	0F2B
		.display_off	0F2B
		.serial_IO	0F4C
		_mode	0F7B
		_get_mode	0F84
		_enable_interrupts	0F89
		_disable_interrupts	0F8B
		_reset	0F8D
		.reset	0F8D
		_set_interrupts	0F93
		_remove_VBL	0F9E
		_remove_LCD	0FA9
		_remove_TIM	0FB4
		_remove_SIO	0FBF
		_remove_JOY	0FCA
		_add_VBL	0FD5
		_add_LCD	0FE0
		_add_TIM	0FEB
		_add_SIO	0FF6
		_add_JOY	1001
		_clock	100C
		__printTStates	1015
		banked_call	1016
		banked_ret	102F
		_printf	1038
		_sprintf	1067
AREA _BASE
	RADIX HEX
	BASE 133B
	SIZE 1C2C
	ATTRIB REL CON
	GLOBALS
		.mv_sprite	133B
		_move_sprite	134A
		_font_spect	1357
		_set_win_data	16D9
		_set_bkg_data	16D9
		_set_sprite_data	1726
		_font_load_ibm_fixed	1755
		_font_ibm_fixed	175C
		_font_ibm_fixed_tiles	185E
		.padup	205E
		_waitpadup	205E
		.jpad	206E
		.wait_pad	209B
		_joypad	20A2
		_waitpad	20A7
		_font_italic	20B1
		_font_ibm	241B
		.set_sprite_tile	279D
		_set_sprite_tile	27AA
		font_copy_uncompressed	27B5
		font_copy_compressed	27EB
		font_load	2840
		font_copy_current	2888
		font_set	28D0
		.put_char	28DD
		.out_char	28F6
		.del_char	28FD
		_font_load	2958
		_font_set	2966
		_font_init	2975
		_cls	2997
		.cls	2997
		.cr_curs	29C9
		.adv_curs	29DE
		.tmode	2A3A
		.tmode_out	2A63
		_font_min	2A73
		__modslong	2C1D
		__divslong	2C1D
		__mulslong	2C1D
		__divschar	2C1E
		__modschar	2C2A
		__divsint	2C35
		__modsint	2C46
		__divuchar	2C55
		__moduchar	2C61
		__divuint	2C6C
		__moduint	2C7D
		.mod8	2C8C
		.div8	2C8C
		.mod16	2C94
		.div16	2C94
		.modu8	2CCA
		.divu8	2CCA
		.modu16	2CCD
		.divu16	2CCD
		.copy_vram	2D0A
		_get_data	2D19
		_set_data	2D19
		.gmode	2D2C
		.vbl	2D8E
		.lcd	2D99
		.draw_image	2DA6
		.switch_data	2DB0
		_switch_data	2DE7
		_draw_image	2E02
		.y_table	2E15
		.init_vram	2F35
		.init_wtt	2F43
		.init_btt	2F53
		.init_tt	2F61
AREA _LIT
	RADIX HEX
	BASE 2F67
	SIZE 0000
	ATTRIB REL CON
AREA _GSINIT
	RADIX HEX
	BASE 2F67
	SIZE 1A52
	ATTRIB REL CON
	GLOBALS
		gsinit	2F67
AREA _GSINITTAIL
	RADIX HEX
	BASE 49B9
	SIZE 0001
	ATTRIB REL CON
AREA _GSFINAL
	RADIX HEX
	BASE 49BA
	SIZE 0000
	ATTRIB REL CON
AREA _DATA
	RADIX HEX
	BASE C0A0
	SIZE 047B
	ATTRIB REL CON
	GLOBALS
		_backgroundtiles	C0A0
		_backgroundmap	C120
		_windowmap	C3F0
		_characters	C400
		_playerlocation	C500
		_jumping	C504
		_gravity	C505
		_currentspeedY	C506
		_floorYposition	C508
		_cat	C50A
		_enemy	C512
		_spritesize	C51A
AREA _BSS
	RADIX HEX
	BASE C51B
	SIZE 0087
	ATTRIB REL CON
	GLOBALS
		__cpu	C51B
		.mode	C51C
		__io_out	C51D
		__io_in	C51E
		__io_status	C51F
		.vbl_done	C520
		__current_bank	C521
		_sys_time	C522
		.sys_time	C522
		.int_0x40	C524
		.int_0x48	C534
		.int_0x50	C544
		.int_0x58	C554
		.int_0x60	C564
		font_current	C574
		font_first_free_tile	C577
		font_table	C578
		.curx	C58A
		.cury	C58B
		.fg_colour	C58F
		.bg_colour	C590
AREA _HEAP
	RADIX HEX
	BASE C5A2
	SIZE 0000
	ATTRIB REL CON
	GLOBALS
		_malloc_heap_start	C5A2
AREA _OVERLAY
	RADIX HEX
	BASE C5A2
	SIZE 0000
	ATTRIB REL CON
AREA _ISEG
	RADIX HEX
	BASE C5A2
	SIZE 0000
	ATTRIB REL CON
AREA _BSEG
	RADIX HEX
	BASE C5A2
	SIZE 0000
	ATTRIB REL CON
AREA _XSEG
	RADIX HEX
	BASE C5A2
	SIZE 0000
	ATTRIB REL CON
AREA _SFR
	RADIX HEX
	BASE 0000
	SIZE 10000
	ATTRIB ABS OVR
	GLOBALS
		_P1_REG	FF00
		_SB_REG	FF01
		_SC_REG	FF02
		_DIV_REG	FF04
		_TIMA_REG	FF05
		_TMA_REG	FF06
		_TAC_REG	FF07
		_IF_REG	FF0F
		_NR10_REG	FF10
		_NR11_REG	FF11
		_NR12_REG	FF12
		_NR13_REG	FF13
		_NR14_REG	FF14
		_NR21_REG	FF16
		_NR22_REG	FF17
		_NR23_REG	FF18
		_NR24_REG	FF19
		_NR30_REG	FF1A
		_NR31_REG	FF1B
		_NR32_REG	FF1C
		_NR33_REG	FF1D
		_NR34_REG	FF1E
		_NR41_REG	FF20
		_NR42_REG	FF21
		_NR43_REG	FF22
		_NR44_REG	FF23
		_NR50_REG	FF24
		_NR51_REG	FF25
		_NR52_REG	FF26
		_LCDC_REG	FF40
		_STAT_REG	FF41
		_SCY_REG	FF42
		_SCX_REG	FF43
		_LY_REG	FF44
		_LYC_REG	FF45
		_DMA_REG	FF46
		_BGP_REG	FF47
		_OBP0_REG	FF48
		_OBP1_REG	FF49
		_WY_REG	FF4A
		_WX_REG	FF4B
		_KEY1_REG	FF4D
		_VBK_REG	FF4F
		_HDMA1_REG	FF51
		_HDMA2_REG	FF52
		_HDMA3_REG	FF53
		_HDMA4_REG	FF54
		_HDMA5_REG	FF55
		_RP_REG	FF56
		_BCPS_REG	FF68
		_BCPD_REG	FF69
		_OCPS_REG	FF6A
		_OCPD_REG	FF6B
		_SVBK_REG	FF70
		_IE_REG	FFFF
MODULES
	FILE D:\devProj\GBDev\gbdk\lib/small/asxxxx/gb/crt0.o
		NAME Runtime
	FILE main.o
		NAME lcc210320
LIBRARIES
	LIBRARY D:\devProj\GBDev\gbdk\lib/small/asxxxx/gb/gb.lib
		MODULE sfr.o
	LIBRARY D:\devProj\GBDev\gbdk\lib/small/asxxxx/gb/gb.lib
		MODULE mv_spr.o
	LIBRARY D:\devProj\GBDev\gbdk\lib/small/asxxxx/gb/gb.lib
		MODULE f_spect.o
	LIBRARY D:\devProj\GBDev\gbdk\lib/small/asxxxx/gb/gb.lib
		MODULE set_data.o
	LIBRARY D:\devProj\GBDev\gbdk\lib/small/asxxxx/gb/gb.lib
		MODULE ibmfixed.o
	LIBRARY D:\devProj\GBDev\gbdk\lib/small/asxxxx/gb/gb.lib
		MODULE pad.o
	LIBRARY D:\devProj\GBDev\gbdk\lib/small/asxxxx/gb/gb.lib
		MODULE f_italic.o
	LIBRARY D:\devProj\GBDev\gbdk\lib/small/asxxxx/gb/gb.lib
		MODULE f_ibm_sh.o
	LIBRARY D:\devProj\GBDev\gbdk\lib/small/asxxxx/gb/gb.lib
		MODULE set_spr.o
	LIBRARY D:\devProj\GBDev\gbdk\lib/small/asxxxx/gbz80/gbz80.lib
		MODULE printf.o
	LIBRARY D:\devProj\GBDev\gbdk\lib/small/asxxxx/gb/gb.lib
		MODULE font.o
	LIBRARY D:\devProj\GBDev\gbdk\lib/small/asxxxx/gb/gb.lib
		MODULE f_min.o
	LIBRARY D:\devProj\GBDev\gbdk\lib/small/asxxxx/gbz80/gbz80.lib
		MODULE div.o
	LIBRARY D:\devProj\GBDev\gbdk\lib/small/asxxxx/gb/gb.lib
		MODULE cpy_data.o
	LIBRARY D:\devProj\GBDev\gbdk\lib/small/asxxxx/gb/gb.lib
		MODULE drawing.o
	LIBRARY D:\devProj\GBDev\gbdk\lib/small/asxxxx/gb/gb.lib
		MODULE init_tt.o
USERBASEDEF
	_CODE=0x0200
	_DATA=0xC0A0
	_CODE_1=0x4000
USERGLOBALDEF
	.OAM=0xC000
	.STACK=0xE000
	.refresh_OAM=0xFF80
	.init=0x0000
