AREA .  .ABS.
	RADIX HEX
	BASE 0000
	SIZE 0000
	ATTRIB ABS OVR
	GLOBALS
		l__HEAP	0000
		l__BSEG	0000
		l_.  .ABS.	0000
		l__GSFINAL	0000
		l__ISEG	0000
		s_.  .ABS.	0000
		s__HEADER	0000
		l__XSEG	0000
		.init	0000
		l__OVERLAY	0000
		l__LIT	0000
		s__SFR	0000
		l__GSINITTAIL	0001
		l__BSS	0084
		l__HOME	01AC
		l__HEADER	01EB
		s__CODE	0200
		l__DATA	047B
		l__CODE	0AC6
		s__HOME	0CC6
		s__BASE	0E72
		l__GSINIT	1A52
		l__BASE	1B3F
		s__LIT	29B1
		s__GSINIT	29B1
		s__GSINITTAIL	4403
		s__GSFINAL	4404
		.OAM	C000
		s__DATA	C0A0
		s__BSS	C51B
		s__HEAP	C59F
		s__BSEG	C59F
		s__ISEG	C59F
		s__XSEG	C59F
		s__OVERLAY	C59F
		.STACK	E000
		.refresh_OAM	FF80
		l__SFR	10000
AREA _CODE
	RADIX HEX
	BASE 0200
	SIZE 0AC6
	ATTRIB REL CON
	GLOBALS
		_movegamecharacter	0200
		_setupcat	028B
		_setupenemy	031E
		_performantdelay	03B1
		_main	03C5
		_putchar	0555
		_setchar	055E
		_gotoxy	0567
		_posx	0572
		_posy	0583
		.adv_gcurs	0594
		.circle	05B1
		.horlin	0654
		.verlin	068C
		.circplot	06E8
		.box	0766
		.line	083C
		.xonly	095D
		.yonly	0AAC
		.plot	0ACD
		.wrbyte	0AEA
		.getpix	0B6C
		.wrtchr	0BA1
		_gotogxy	0C05
		_wrtchr	0C10
		_getpix	0C25
		_color	0C31
		_circle	0C40
		_box	0C5A
		_line	0C7E
		_plot_point	0C96
		_plot	0CAA
AREA _HEADER
	RADIX HEX
	BASE 0000
	SIZE 01EB
	ATTRIB ABS OVR
	GLOBALS
		_exit	01D2
AREA _HOME
	RADIX HEX
	BASE 0CC6
	SIZE 01AC
	ATTRIB REL CON
	GLOBALS
		.set_mode	0CC6
		.remove_VBL	0CD6
		.remove_LCD	0CDC
		.remove_TIM	0CE2
		.remove_SIO	0CE8
		.remove_JOY	0CEE
		.add_VBL	0CF4
		.add_LCD	0CFA
		.add_TIM	0D00
		.add_SIO	0D06
		.add_JOY	0D0C
		.remove_int	0D12
		.add_int	0D32
		.wait_vbl_done	0D4E
		_wait_vbl_done	0D4E
		_display_off	0D65
		.display_off	0D65
		.serial_IO	0D86
		_mode	0DB5
		_get_mode	0DBE
		_enable_interrupts	0DC3
		_disable_interrupts	0DC5
		_reset	0DC7
		.reset	0DC7
		_set_interrupts	0DCD
		_remove_VBL	0DD8
		_remove_LCD	0DE3
		_remove_TIM	0DEE
		_remove_SIO	0DF9
		_remove_JOY	0E04
		_add_VBL	0E0F
		_add_LCD	0E1A
		_add_TIM	0E25
		_add_SIO	0E30
		_add_JOY	0E3B
		_clock	0E46
		__printTStates	0E4F
		banked_call	0E50
		banked_ret	0E69
AREA _BASE
	RADIX HEX
	BASE 0E72
	SIZE 1B3F
	ATTRIB REL CON
	GLOBALS
		.mv_sprite	0E72
		_move_sprite	0E81
		_font_spect	0E8E
		_set_win_data	1210
		_set_bkg_data	1210
		_set_sprite_data	125D
		_font_load_ibm_fixed	128C
		_font_ibm_fixed	1293
		_font_ibm_fixed_tiles	1395
		.padup	1B95
		_waitpadup	1B95
		.jpad	1BA5
		.wait_pad	1BD2
		_joypad	1BD9
		_waitpad	1BDE
		_font_italic	1BE8
		_font_ibm	1F52
		.set_sprite_tile	22D4
		_set_sprite_tile	22E1
		font_copy_uncompressed	22EC
		font_copy_compressed	2322
		font_load	2377
		font_copy_current	23BF
		font_set	2407
		.put_char	2414
		.out_char	242D
		.del_char	2434
		_font_load	248F
		_font_set	249D
		_font_init	24AC
		_cls	24CE
		.cls	24CE
		.cr_curs	2500
		.adv_curs	2515
		.tmode	2571
		.tmode_out	259A
		_font_min	25AA
		.copy_vram	2754
		_get_data	2763
		_set_data	2763
		.gmode	2776
		.vbl	27D8
		.lcd	27E3
		.draw_image	27F0
		.switch_data	27FA
		_switch_data	2831
		_draw_image	284C
		.y_table	285F
		.init_vram	297F
		.init_wtt	298D
		.init_btt	299D
		.init_tt	29AB
AREA _LIT
	RADIX HEX
	BASE 29B1
	SIZE 0000
	ATTRIB REL CON
AREA _GSINIT
	RADIX HEX
	BASE 29B1
	SIZE 1A52
	ATTRIB REL CON
	GLOBALS
		gsinit	29B1
AREA _GSINITTAIL
	RADIX HEX
	BASE 4403
	SIZE 0001
	ATTRIB REL CON
AREA _GSFINAL
	RADIX HEX
	BASE 4404
	SIZE 0000
	ATTRIB REL CON
AREA _DATA
	RADIX HEX
	BASE C0A0
	SIZE 047B
	ATTRIB REL CON
	GLOBALS
		_characters	C0A0
		_backgroundtiles	C1A0
		_backgroundmap	C220
		_windowmap	C4F0
		_playerlocation	C500
		_jumping	C504
		_gravity	C505
		_currentspeedY	C506
		_floorYposition	C508
		_cat	C50A
		_enemy	C512
		_spritesize	C51A
AREA _BSS
	RADIX HEX
	BASE C51B
	SIZE 0084
	ATTRIB REL CON
	GLOBALS
		__cpu	C51B
		.mode	C51C
		__io_out	C51D
		__io_in	C51E
		__io_status	C51F
		.vbl_done	C520
		__current_bank	C521
		_sys_time	C522
		.sys_time	C522
		.int_0x40	C524
		.int_0x48	C534
		.int_0x50	C544
		.int_0x58	C554
		.int_0x60	C564
		font_current	C574
		font_first_free_tile	C577
		font_table	C578
		.curx	C58A
		.cury	C58B
		.fg_colour	C58C
		.bg_colour	C58D
AREA _HEAP
	RADIX HEX
	BASE C59F
	SIZE 0000
	ATTRIB REL CON
	GLOBALS
		_malloc_heap_start	C59F
AREA _OVERLAY
	RADIX HEX
	BASE C59F
	SIZE 0000
	ATTRIB REL CON
AREA _ISEG
	RADIX HEX
	BASE C59F
	SIZE 0000
	ATTRIB REL CON
AREA _BSEG
	RADIX HEX
	BASE C59F
	SIZE 0000
	ATTRIB REL CON
AREA _XSEG
	RADIX HEX
	BASE C59F
	SIZE 0000
	ATTRIB REL CON
AREA _SFR
	RADIX HEX
	BASE 0000
	SIZE 10000
	ATTRIB ABS OVR
	GLOBALS
		_P1_REG	FF00
		_SB_REG	FF01
		_SC_REG	FF02
		_DIV_REG	FF04
		_TIMA_REG	FF05
		_TMA_REG	FF06
		_TAC_REG	FF07
		_IF_REG	FF0F
		_NR10_REG	FF10
		_NR11_REG	FF11
		_NR12_REG	FF12
		_NR13_REG	FF13
		_NR14_REG	FF14
		_NR21_REG	FF16
		_NR22_REG	FF17
		_NR23_REG	FF18
		_NR24_REG	FF19
		_NR30_REG	FF1A
		_NR31_REG	FF1B
		_NR32_REG	FF1C
		_NR33_REG	FF1D
		_NR34_REG	FF1E
		_NR41_REG	FF20
		_NR42_REG	FF21
		_NR43_REG	FF22
		_NR44_REG	FF23
		_NR50_REG	FF24
		_NR51_REG	FF25
		_NR52_REG	FF26
		_LCDC_REG	FF40
		_STAT_REG	FF41
		_SCY_REG	FF42
		_SCX_REG	FF43
		_LY_REG	FF44
		_LYC_REG	FF45
		_DMA_REG	FF46
		_BGP_REG	FF47
		_OBP0_REG	FF48
		_OBP1_REG	FF49
		_WY_REG	FF4A
		_WX_REG	FF4B
		_KEY1_REG	FF4D
		_VBK_REG	FF4F
		_HDMA1_REG	FF51
		_HDMA2_REG	FF52
		_HDMA3_REG	FF53
		_HDMA4_REG	FF54
		_HDMA5_REG	FF55
		_RP_REG	FF56
		_BCPS_REG	FF68
		_BCPD_REG	FF69
		_OCPS_REG	FF6A
		_OCPD_REG	FF6B
		_SVBK_REG	FF70
		_IE_REG	FFFF
MODULES
	FILE D:\devProj\GBDev\gbdk\lib/small/asxxxx/gb/crt0.o
		NAME Runtime
	FILE main.o
		NAME lcc232400
LIBRARIES
	LIBRARY D:\devProj\GBDev\gbdk\lib/small/asxxxx/gb/gb.lib
		MODULE sfr.o
	LIBRARY D:\devProj\GBDev\gbdk\lib/small/asxxxx/gb/gb.lib
		MODULE mv_spr.o
	LIBRARY D:\devProj\GBDev\gbdk\lib/small/asxxxx/gb/gb.lib
		MODULE f_spect.o
	LIBRARY D:\devProj\GBDev\gbdk\lib/small/asxxxx/gb/gb.lib
		MODULE set_data.o
	LIBRARY D:\devProj\GBDev\gbdk\lib/small/asxxxx/gb/gb.lib
		MODULE ibmfixed.o
	LIBRARY D:\devProj\GBDev\gbdk\lib/small/asxxxx/gb/gb.lib
		MODULE pad.o
	LIBRARY D:\devProj\GBDev\gbdk\lib/small/asxxxx/gb/gb.lib
		MODULE f_italic.o
	LIBRARY D:\devProj\GBDev\gbdk\lib/small/asxxxx/gb/gb.lib
		MODULE f_ibm_sh.o
	LIBRARY D:\devProj\GBDev\gbdk\lib/small/asxxxx/gb/gb.lib
		MODULE set_spr.o
	LIBRARY D:\devProj\GBDev\gbdk\lib/small/asxxxx/gb/gb.lib
		MODULE font.o
	LIBRARY D:\devProj\GBDev\gbdk\lib/small/asxxxx/gb/gb.lib
		MODULE f_min.o
	LIBRARY D:\devProj\GBDev\gbdk\lib/small/asxxxx/gb/gb.lib
		MODULE cpy_data.o
	LIBRARY D:\devProj\GBDev\gbdk\lib/small/asxxxx/gb/gb.lib
		MODULE drawing.o
	LIBRARY D:\devProj\GBDev\gbdk\lib/small/asxxxx/gb/gb.lib
		MODULE init_tt.o
USERBASEDEF
	_CODE=0x0200
	_DATA=0xC0A0
	_CODE_1=0x4000
USERGLOBALDEF
	.OAM=0xC000
	.STACK=0xE000
	.refresh_OAM=0xFF80
	.init=0x0000
